// Jest Snapshot v1, https://goo.gl/fbAQLP

exports[`LiveCampaigns snapshot renders 1`] = `
<div
  className="container"
>
  <div
    className="row"
  >
    <div
      className="col-12 mt-5"
    >
      <table
        className="table table-striped table-bordered table-hover"
      >
        <thead>
          <tr>
            <th>
              Live (sent) Campaigns
            </th>
            <th>
              Amount Sent
            </th>
            <th>
              Click Through Rates
            </th>
          </tr>
        </thead>
        <tbody>
          <tr>
            <td>
              Fourth of July Promo
            </td>
            <td>
              6506
            </td>
            <td>
              6137
            </td>
          </tr>
          <tr>
            <td>
              Labor Day Sale
            </td>
            <td>
              7228
            </td>
            <td>
              6883
            </td>
          </tr>
          <tr>
            <td>
              Cotton Candy Palette Announcement
            </td>
            <td>
              7246
            </td>
            <td>
              7080
            </td>
          </tr>
        </tbody>
      </table>
    </div>
  </div>
</div>
`;
